Archive member included to satisfy reference by file (symbol)

c:/devkitPro/libgba/lib\libgba.a(input.o)
                              basicsource.o (scanKeys)
c:/devkitPro/libgba/lib\libgba.a(interrupt.o)
                              basicsource.o (irqInit)
c:/devkitPro/libgba/lib\libgba.a(InterruptDispatcher.o)
                              c:/devkitPro/libgba/lib\libgba.a(interrupt.o) (IntrMain)
c:/devkitPro/libgba/lib\libmm.a(mm_main.o)
                              basicsource.o (mmFrame)
c:/devkitPro/libgba/lib\libmm.a(mm_mas.o)
                              c:/devkitPro/libgba/lib\libmm.a(mm_main.o) (mmLayerMain)
c:/devkitPro/libgba/lib\libmm.a(mm_init_default.o)
                              basicsource.o (mmInitDefault)
c:/devkitPro/libgba/lib\libmm.a(mm_mixer_gba.o)
                              basicsource.o (mmVBlank)
c:/devkitPro/libgba/lib\libmm.a(mm_mas_arm.o)
                              c:/devkitPro/libgba/lib\libmm.a(mm_mas.o) (mmAllocChannel)
c:/devkitPro/libgba/lib\libmm.a(mm_effect.o)
                              c:/devkitPro/libgba/lib\libmm.a(mm_main.o) (mmResetEffects)
c:/devkitpro/devkitarm/bin/../lib/gcc/arm-none-eabi/6.3.0/thumb\libgcc.a(_divsi3.o)
                              basicsource.o (__aeabi_idivmod)
c:/devkitpro/devkitarm/bin/../lib/gcc/arm-none-eabi/6.3.0/thumb\libgcc.a(_dvmd_tls.o)
                              c:/devkitpro/devkitarm/bin/../lib/gcc/arm-none-eabi/6.3.0/thumb\libgcc.a(_divsi3.o) (__aeabi_idiv0)
c:/devkitpro/devkitarm/bin/../lib/gcc/arm-none-eabi/6.3.0/thumb\libgcc.a(_call_via_rX.o)
                              c:/devkitPro/libgba/lib\libmm.a(mm_main.o) (_call_via_r1)
c:/devkitpro/devkitarm/bin/../lib/gcc/arm-none-eabi/6.3.0/../../../../arm-none-eabi/lib/thumb\libg.a(lib_a-init.o)
                              c:/devkitpro/devkitarm/bin/../lib/gcc/arm-none-eabi/6.3.0/../../../../arm-none-eabi/lib/thumb/gba_crt0.o (__libc_init_array)
c:/devkitpro/devkitarm/bin/../lib/gcc/arm-none-eabi/6.3.0/../../../../arm-none-eabi/lib/thumb\libg.a(lib_a-malloc.o)
                              c:/devkitPro/libgba/lib\libmm.a(mm_init_default.o) (malloc)
c:/devkitpro/devkitarm/bin/../lib/gcc/arm-none-eabi/6.3.0/../../../../arm-none-eabi/lib/thumb\libg.a(lib_a-mallocr.o)
                              c:/devkitpro/devkitarm/bin/../lib/gcc/arm-none-eabi/6.3.0/../../../../arm-none-eabi/lib/thumb\libg.a(lib_a-malloc.o) (_malloc_r)
c:/devkitpro/devkitarm/bin/../lib/gcc/arm-none-eabi/6.3.0/../../../../arm-none-eabi/lib/thumb\libg.a(lib_a-mlock.o)
                              c:/devkitpro/devkitarm/bin/../lib/gcc/arm-none-eabi/6.3.0/../../../../arm-none-eabi/lib/thumb\libg.a(lib_a-mallocr.o) (__malloc_lock)
c:/devkitpro/devkitarm/bin/../lib/gcc/arm-none-eabi/6.3.0/../../../../arm-none-eabi/lib/thumb\libg.a(lib_a-freer.o)
                              c:/devkitpro/devkitarm/bin/../lib/gcc/arm-none-eabi/6.3.0/../../../../arm-none-eabi/lib/thumb\libg.a(lib_a-malloc.o) (_free_r)
c:/devkitpro/devkitarm/bin/../lib/gcc/arm-none-eabi/6.3.0/../../../../arm-none-eabi/lib/thumb\libsysbase.a(sbrk.o)
                              c:/devkitpro/devkitarm/bin/../lib/gcc/arm-none-eabi/6.3.0/../../../../arm-none-eabi/lib/thumb\libg.a(lib_a-mallocr.o) (_sbrk_r)
c:/devkitpro/devkitarm/bin/../lib/gcc/arm-none-eabi/6.3.0/../../../../arm-none-eabi/lib/thumb\libsysbase.a(malloc_vars.o)
                              c:/devkitpro/devkitarm/bin/../lib/gcc/arm-none-eabi/6.3.0/../../../../arm-none-eabi/lib/thumb\libsysbase.a(sbrk.o) (fake_heap_start)
c:/devkitpro/devkitarm/bin/../lib/gcc/arm-none-eabi/6.3.0/../../../../arm-none-eabi/lib/thumb\libsysbase.a(syscall_support.o)
                              c:/devkitpro/devkitarm/bin/../lib/gcc/arm-none-eabi/6.3.0/../../../../arm-none-eabi/lib/thumb\libg.a(lib_a-mlock.o) (__libc_lock_acquire_recursive)
c:/devkitpro/devkitarm/bin/../lib/gcc/arm-none-eabi/6.3.0/../../../../arm-none-eabi/lib/thumb\libsysbase.a(getreent.o)
                              c:/devkitpro/devkitarm/bin/../lib/gcc/arm-none-eabi/6.3.0/../../../../arm-none-eabi/lib/thumb\libg.a(lib_a-malloc.o) (__getreent)
c:/devkitpro/devkitarm/bin/../lib/gcc/arm-none-eabi/6.3.0/../../../../arm-none-eabi/lib/thumb\libg.a(lib_a-impure.o)
                              c:/devkitpro/devkitarm/bin/../lib/gcc/arm-none-eabi/6.3.0/../../../../arm-none-eabi/lib/thumb\libsysbase.a(getreent.o) (_impure_ptr)

Allocating common symbols
Common symbol       size              file

gameState           0x4               basicsource.o
IntrTable           0x78              c:/devkitPro/libgba/lib\libgba.a(interrupt.o)
wave                0x4               basicsource.o

Discarded input sections

 .text          0x00000000        0x0 c:/devkitpro/devkitarm/bin/../lib/gcc/arm-none-eabi/6.3.0/../../../../arm-none-eabi/lib/thumb/gba_crt0.o
 .data          0x00000000        0x0 c:/devkitpro/devkitarm/bin/../lib/gcc/arm-none-eabi/6.3.0/../../../../arm-none-eabi/lib/thumb/gba_crt0.o
 .bss           0x00000000        0x0 c:/devkitpro/devkitarm/bin/../lib/gcc/arm-none-eabi/6.3.0/../../../../arm-none-eabi/lib/thumb/gba_crt0.o
 .text          0x00000000        0x0 c:/devkitpro/devkitarm/bin/../lib/gcc/arm-none-eabi/6.3.0/thumb/crti.o
 .data          0x00000000        0x0 c:/devkitpro/devkitarm/bin/../lib/gcc/arm-none-eabi/6.3.0/thumb/crti.o
 .bss           0x00000000        0x0 c:/devkitpro/devkitarm/bin/../lib/gcc/arm-none-eabi/6.3.0/thumb/crti.o
 .text          0x00000000        0x0 c:/devkitpro/devkitarm/bin/../lib/gcc/arm-none-eabi/6.3.0/thumb/crtbegin.o
 .data          0x00000000        0x0 c:/devkitpro/devkitarm/bin/../lib/gcc/arm-none-eabi/6.3.0/thumb/crtbegin.o
 .bss           0x00000000        0x0 c:/devkitpro/devkitarm/bin/../lib/gcc/arm-none-eabi/6.3.0/thumb/crtbegin.o
 .data.__dso_handle
                0x00000000        0x4 c:/devkitpro/devkitarm/bin/../lib/gcc/arm-none-eabi/6.3.0/thumb/crtbegin.o
 .text          0x00000000        0x0 soundbank.o
 .data          0x00000000        0x0 soundbank.o
 .bss           0x00000000        0x0 soundbank.o
 .text          0x00000000      0x164 basicsource.o
 .bss           0x00000000        0x1 basicsource.o
 .text          0x00000000        0x0 charData.o
 .data          0x00000000        0x0 charData.o
 .bss           0x00000000        0x0 charData.o
 .text          0x00000000        0x0 mapData.o
 .data          0x00000000        0x0 mapData.o
 .bss           0x00000000        0x0 mapData.o
 .data          0x00000000        0x0 back.o
 .bss           0x00000000        0x0 back.o
 .text          0x00000000       0x14 myasm.o
 .data          0x00000000        0x0 myasm.o
 .bss           0x00000000        0x0 myasm.o
 .data          0x00000000        0x0 c:/devkitPro/libgba/lib\libgba.a(interrupt.o)
 .bss           0x00000000        0x0 c:/devkitPro/libgba/lib\libgba.a(interrupt.o)
 .text          0x00000000        0x0 c:/devkitPro/libgba/lib\libgba.a(InterruptDispatcher.o)
 .data          0x00000000        0x0 c:/devkitPro/libgba/lib\libgba.a(InterruptDispatcher.o)
 .bss           0x00000000        0x0 c:/devkitPro/libgba/lib\libgba.a(InterruptDispatcher.o)
 .data          0x00000000        0x0 c:/devkitPro/libgba/lib\libmm.a(mm_main.o)
 .data          0x00000000        0x0 c:/devkitPro/libgba/lib\libmm.a(mm_mas.o)
 .data          0x00000000        0x0 c:/devkitPro/libgba/lib\libmm.a(mm_init_default.o)
 .data          0x00000000        0x0 c:/devkitPro/libgba/lib\libmm.a(mm_mixer_gba.o)
 .text          0x00000000        0x0 c:/devkitPro/libgba/lib\libmm.a(mm_mas_arm.o)
 .data          0x00000000        0x0 c:/devkitPro/libgba/lib\libmm.a(mm_mas_arm.o)
 .bss           0x00000000        0x0 c:/devkitPro/libgba/lib\libmm.a(mm_mas_arm.o)
 .data          0x00000000        0x0 c:/devkitPro/libgba/lib\libmm.a(mm_effect.o)
 .data          0x00000000        0x0 c:/devkitpro/devkitarm/bin/../lib/gcc/arm-none-eabi/6.3.0/thumb\libgcc.a(_divsi3.o)
 .bss           0x00000000        0x0 c:/devkitpro/devkitarm/bin/../lib/gcc/arm-none-eabi/6.3.0/thumb\libgcc.a(_divsi3.o)
 .data          0x00000000        0x0 c:/devkitpro/devkitarm/bin/../lib/gcc/arm-none-eabi/6.3.0/thumb\libgcc.a(_dvmd_tls.o)
 .bss           0x00000000        0x0 c:/devkitpro/devkitarm/bin/../lib/gcc/arm-none-eabi/6.3.0/thumb\libgcc.a(_dvmd_tls.o)
 .data          0x00000000        0x0 c:/devkitpro/devkitarm/bin/../lib/gcc/arm-none-eabi/6.3.0/thumb\libgcc.a(_call_via_rX.o)
 .bss           0x00000000        0x0 c:/devkitpro/devkitarm/bin/../lib/gcc/arm-none-eabi/6.3.0/thumb\libgcc.a(_call_via_rX.o)
 .text          0x00000000        0x0 c:/devkitpro/devkitarm/bin/../lib/gcc/arm-none-eabi/6.3.0/../../../../arm-none-eabi/lib/thumb\libg.a(lib_a-init.o)
 .data          0x00000000        0x0 c:/devkitpro/devkitarm/bin/../lib/gcc/arm-none-eabi/6.3.0/../../../../arm-none-eabi/lib/thumb\libg.a(lib_a-init.o)
 .bss           0x00000000        0x0 c:/devkitpro/devkitarm/bin/../lib/gcc/arm-none-eabi/6.3.0/../../../../arm-none-eabi/lib/thumb\libg.a(lib_a-init.o)
 .text          0x00000000        0x0 c:/devkitpro/devkitarm/bin/../lib/gcc/arm-none-eabi/6.3.0/../../../../arm-none-eabi/lib/thumb\libg.a(lib_a-malloc.o)
 .data          0x00000000        0x0 c:/devkitpro/devkitarm/bin/../lib/gcc/arm-none-eabi/6.3.0/../../../../arm-none-eabi/lib/thumb\libg.a(lib_a-malloc.o)
 .bss           0x00000000        0x0 c:/devkitpro/devkitarm/bin/../lib/gcc/arm-none-eabi/6.3.0/../../../../arm-none-eabi/lib/thumb\libg.a(lib_a-malloc.o)
 .text.free     0x00000000       0x14 c:/devkitpro/devkitarm/bin/../lib/gcc/arm-none-eabi/6.3.0/../../../../arm-none-eabi/lib/thumb\libg.a(lib_a-malloc.o)
 .text          0x00000000        0x0 c:/devkitpro/devkitarm/bin/../lib/gcc/arm-none-eabi/6.3.0/../../../../arm-none-eabi/lib/thumb\libg.a(lib_a-mallocr.o)
 .data          0x00000000        0x0 c:/devkitpro/devkitarm/bin/../lib/gcc/arm-none-eabi/6.3.0/../../../../arm-none-eabi/lib/thumb\libg.a(lib_a-mallocr.o)
 .bss           0x00000000        0x0 c:/devkitpro/devkitarm/bin/../lib/gcc/arm-none-eabi/6.3.0/../../../../arm-none-eabi/lib/thumb\libg.a(lib_a-mallocr.o)
 .text          0x00000000        0x0 c:/devkitpro/devkitarm/bin/../lib/gcc/arm-none-eabi/6.3.0/../../../../arm-none-eabi/lib/thumb\libg.a(lib_a-mlock.o)
 .data          0x00000000        0x0 c:/devkitpro/devkitarm/bin/../lib/gcc/arm-none-eabi/6.3.0/../../../../arm-none-eabi/lib/thumb\libg.a(lib_a-mlock.o)
 .bss           0x00000000        0x0 c:/devkitpro/devkitarm/bin/../lib/gcc/arm-none-eabi/6.3.0/../../../../arm-none-eabi/lib/thumb\libg.a(lib_a-mlock.o)
 .text          0x00000000        0x0 c:/devkitpro/devkitarm/bin/../lib/gcc/arm-none-eabi/6.3.0/../../../../arm-none-eabi/lib/thumb\libg.a(lib_a-freer.o)
 .data          0x00000000        0x0 c:/devkitpro/devkitarm/bin/../lib/gcc/arm-none-eabi/6.3.0/../../../../arm-none-eabi/lib/thumb\libg.a(lib_a-freer.o)
 .bss           0x00000000        0x0 c:/devkitpro/devkitarm/bin/../lib/gcc/arm-none-eabi/6.3.0/../../../../arm-none-eabi/lib/thumb\libg.a(lib_a-freer.o)
 .text          0x00000000        0x0 c:/devkitpro/devkitarm/bin/../lib/gcc/arm-none-eabi/6.3.0/../../../../arm-none-eabi/lib/thumb\libsysbase.a(sbrk.o)
 .data          0x00000000        0x0 c:/devkitpro/devkitarm/bin/../lib/gcc/arm-none-eabi/6.3.0/../../../../arm-none-eabi/lib/thumb\libsysbase.a(sbrk.o)
 .bss           0x00000000        0x0 c:/devkitpro/devkitarm/bin/../lib/gcc/arm-none-eabi/6.3.0/../../../../arm-none-eabi/lib/thumb\libsysbase.a(sbrk.o)
 .text          0x00000000        0x0 c:/devkitpro/devkitarm/bin/../lib/gcc/arm-none-eabi/6.3.0/../../../../arm-none-eabi/lib/thumb\libsysbase.a(malloc_vars.o)
 .data          0x00000000        0x0 c:/devkitpro/devkitarm/bin/../lib/gcc/arm-none-eabi/6.3.0/../../../../arm-none-eabi/lib/thumb\libsysbase.a(malloc_vars.o)
 .bss           0x00000000        0x0 c:/devkitpro/devkitarm/bin/../lib/gcc/arm-none-eabi/6.3.0/../../../../arm-none-eabi/lib/thumb\libsysbase.a(malloc_vars.o)
 .text          0x00000000        0x0 c:/devkitpro/devkitarm/bin/../lib/gcc/arm-none-eabi/6.3.0/../../../../arm-none-eabi/lib/thumb\libsysbase.a(syscall_support.o)
 .data          0x00000000        0x0 c:/devkitpro/devkitarm/bin/../lib/gcc/arm-none-eabi/6.3.0/../../../../arm-none-eabi/lib/thumb\libsysbase.a(syscall_support.o)
 .bss           0x00000000        0x0 c:/devkitpro/devkitarm/bin/../lib/gcc/arm-none-eabi/6.3.0/../../../../arm-none-eabi/lib/thumb\libsysbase.a(syscall_support.o)
 .text.__libc_lock_init
                0x00000000       0x1c c:/devkitpro/devkitarm/bin/../lib/gcc/arm-none-eabi/6.3.0/../../../../arm-none-eabi/lib/thumb\libsysbase.a(syscall_support.o)
 .text.__libc_lock_acquire
                0x00000000       0x1c c:/devkitpro/devkitarm/bin/../lib/gcc/arm-none-eabi/6.3.0/../../../../arm-none-eabi/lib/thumb\libsysbase.a(syscall_support.o)
 .text.__libc_lock_try_acquire
                0x00000000       0x24 c:/devkitpro/devkitarm/bin/../lib/gcc/arm-none-eabi/6.3.0/../../../../arm-none-eabi/lib/thumb\libsysbase.a(syscall_support.o)
 .text.__libc_lock_release
                0x00000000       0x1c c:/devkitpro/devkitarm/bin/../lib/gcc/arm-none-eabi/6.3.0/../../../../arm-none-eabi/lib/thumb\libsysbase.a(syscall_support.o)
 .text.__libc_lock_close
                0x00000000       0x1c c:/devkitpro/devkitarm/bin/../lib/gcc/arm-none-eabi/6.3.0/../../../../arm-none-eabi/lib/thumb\libsysbase.a(syscall_support.o)
 .text.__libc_lock_init_recursive
                0x00000000       0x1c c:/devkitpro/devkitarm/bin/../lib/gcc/arm-none-eabi/6.3.0/../../../../arm-none-eabi/lib/thumb\libsysbase.a(syscall_support.o)
 .text.__libc_lock_try_acquire_recursive
                0x00000000       0x24 c:/devkitpro/devkitarm/bin/../lib/gcc/arm-none-eabi/6.3.0/../../../../arm-none-eabi/lib/thumb\libsysbase.a(syscall_support.o)
 .text.__libc_lock_close_recursive
                0x00000000       0x1c c:/devkitpro/devkitarm/bin/../lib/gcc/arm-none-eabi/6.3.0/../../../../arm-none-eabi/lib/thumb\libsysbase.a(syscall_support.o)
 .text          0x00000000        0x0 c:/devkitpro/devkitarm/bin/../lib/gcc/arm-none-eabi/6.3.0/../../../../arm-none-eabi/lib/thumb\libsysbase.a(getreent.o)
 .data          0x00000000        0x0 c:/devkitpro/devkitarm/bin/../lib/gcc/arm-none-eabi/6.3.0/../../../../arm-none-eabi/lib/thumb\libsysbase.a(getreent.o)
 .bss           0x00000000        0x0 c:/devkitpro/devkitarm/bin/../lib/gcc/arm-none-eabi/6.3.0/../../../../arm-none-eabi/lib/thumb\libsysbase.a(getreent.o)
 .text          0x00000000        0x0 c:/devkitpro/devkitarm/bin/../lib/gcc/arm-none-eabi/6.3.0/../../../../arm-none-eabi/lib/thumb\libg.a(lib_a-impure.o)
 .data          0x00000000        0x0 c:/devkitpro/devkitarm/bin/../lib/gcc/arm-none-eabi/6.3.0/../../../../arm-none-eabi/lib/thumb\libg.a(lib_a-impure.o)
 .bss           0x00000000        0x0 c:/devkitpro/devkitarm/bin/../lib/gcc/arm-none-eabi/6.3.0/../../../../arm-none-eabi/lib/thumb\libg.a(lib_a-impure.o)
 .rodata._global_impure_ptr
                0x00000000        0x4 c:/devkitpro/devkitarm/bin/../lib/gcc/arm-none-eabi/6.3.0/../../../../arm-none-eabi/lib/thumb\libg.a(lib_a-impure.o)
 .text          0x00000000        0x0 c:/devkitpro/devkitarm/bin/../lib/gcc/arm-none-eabi/6.3.0/thumb/crtend.o
 .data          0x00000000        0x0 c:/devkitpro/devkitarm/bin/../lib/gcc/arm-none-eabi/6.3.0/thumb/crtend.o
 .bss           0x00000000        0x0 c:/devkitpro/devkitarm/bin/../lib/gcc/arm-none-eabi/6.3.0/thumb/crtend.o
 .text          0x00000000        0x0 c:/devkitpro/devkitarm/bin/../lib/gcc/arm-none-eabi/6.3.0/thumb/crtn.o
 .data          0x00000000        0x0 c:/devkitpro/devkitarm/bin/../lib/gcc/arm-none-eabi/6.3.0/thumb/crtn.o
 .bss           0x00000000        0x0 c:/devkitpro/devkitarm/bin/../lib/gcc/arm-none-eabi/6.3.0/thumb/crtn.o

Memory Configuration

Name             Origin             Length             Attributes
rom              0x08000000         0x02000000
iwram            0x03000000         0x00008000
ewram            0x02000000         0x00040000
*default*        0x00000000         0xffffffff

Linker script and memory map

                0x08000000                __text_start = ORIGIN (rom)
                0x02040000                __eheap_end = (ORIGIN (ewram) + LENGTH (ewram))
                0x03000000                __iwram_start = ORIGIN (iwram)
                0x03008000                __iwram_top = (ORIGIN (iwram) + LENGTH (iwram))
                0x03007fa0                __sp_irq = (__iwram_top - 0x60)
                0x03007f00                __sp_usr = (__sp_irq - 0xa0)
                0x03007ff8                __irq_flags = 0x3007ff8
                0x08000000                . = __text_start

.crt0           0x08000000      0x210
 *(.crt0)
 .crt0          0x08000000      0x210 c:/devkitpro/devkitarm/bin/../lib/gcc/arm-none-eabi/6.3.0/../../../../arm-none-eabi/lib/thumb/gba_crt0.o
                0x08000000                _start
                0x080000c4                __boot_method
                0x080000c5                __slave_number
                0x080000e0                start_vector
                0x08000210                . = ALIGN (0x4)

.init           0x08000210        0xc
 *(SORT(.init))
 .init          0x08000210        0x4 c:/devkitpro/devkitarm/bin/../lib/gcc/arm-none-eabi/6.3.0/thumb/crti.o
                0x08000210                _init
 .init          0x08000214        0x8 c:/devkitpro/devkitarm/bin/../lib/gcc/arm-none-eabi/6.3.0/thumb/crtn.o

.plt            0x0800021c        0x0
 *(.plt)
                0x0800021c                . = ALIGN (0x4)

.text           0x08000220     0x3ba0
 *(EXCLUDE_FILE(*.iwram*) .text)
 .text          0x08000220       0x40 back.o
                0x08000220                upPos
                0x0800022e                backB
                0x08000248                check
 .text          0x08000260       0xbc c:/devkitPro/libgba/lib\libgba.a(input.o)
                0x08000260                setRepeat
                0x0800026c                scanKeys
                0x080002e0                keysDownRepeat
                0x080002f0                keysDown
                0x08000300                keysUp
                0x08000310                keysHeld
 .text          0x0800031c      0x3bc c:/devkitPro/libgba/lib\libgba.a(interrupt.o)
                0x0800031c                dummy
                0x08000320                InitInterrupt
                0x0800037c                irqInit
                0x080003d8                SetInterrupt
                0x080004bc                irqSet
                0x080005a0                EnableInterrupt
                0x080005ec                irqEnable
                0x08000640                DisableInterrupt
                0x0800068c                irqDisable
 .text          0x080006d8      0x140 c:/devkitPro/libgba/lib\libmm.a(mm_main.o)
                0x080006d8                mpp_call_r7
                0x080006da                mpp_call_r1
                0x080006dc                mpp_call_r2
                0x080006de                mpp_call_r3
                0x080006e0                mmSetEventHandler
                0x080006e8                mmInit
                0x0800073c                mmSetVBlankHandler
                0x08000742                mmFrame
 .text          0x08000818     0x155c c:/devkitPro/libgba/lib\libmm.a(mm_mas.o)
                0x0800088c                mmStart
                0x080008ac                mmJingle
                0x080008b2                mmPlayModule
                0x0800097c                mmPause
                0x08000998                mmResume
                0x080009a8                mmActive
                0x080009ae                mmActiveSub
                0x080009b4                mmSetModuleVolume
                0x080009c4                mmSetJingleVolume
                0x08000a00                mmPosition
                0x08000a1a                mmSetModuleTempo
                0x08000a4c                mmSetModulePitch
                0x08000a8c                mmStop
                0x08000b52                mppUpdateSub
                0x08000cae                mpp_Process_VolumeCommand
                0x08000ee6                mpp_Process_Effect
                0x08001634                ST3_FREQTABLE
                0x08001a54                IT_PitchTable
 .text          0x08001d74       0x54 c:/devkitPro/libgba/lib\libmm.a(mm_init_default.o)
                0x08001d74                mmInitDefault
 .text          0x08001dc8      0x1e0 c:/devkitPro/libgba/lib\libmm.a(mm_mixer_gba.o)
                0x08001dc8                mmMixerSetSource
                0x08001ddc                mmMixerSetRead
                0x08001dea                mmMixerSetFreq
                0x08001dfa                mmMixerMulFreq
                0x08001e0e                mmMixerStopChannel
                0x08001e20                mmMixerChannelActive
                0x08001e32                mmMixerSetVolume
                0x08001e40                mmMixerSetPan
                0x08001e4e                mmMixerInit
 .text          0x08001fa8      0x300 c:/devkitPro/libgba/lib\libmm.a(mm_effect.o)
                0x08001fa8                mmResetEffects
                0x08001fd4                mmEffect
                0x08001fea                mmEffectEx
                0x08002108                mmEffectVolume
                0x08002124                mmEffectPanning
                0x08002138                mmEffectRate
                0x0800214c                mmEffectCancel
                0x08002186                mmEffectRelease
                0x080021ac                mmEffectScaleRate
                0x080021c0                mmSetEffectsVolume
                0x080021ce                mmEffectCancelAll
                0x0800220e                mmUpdateEffects
 .text          0x080022a8      0x150 c:/devkitpro/devkitarm/bin/../lib/gcc/arm-none-eabi/6.3.0/thumb\libgcc.a(_divsi3.o)
                0x080022a8                __divsi3
                0x080022a8                __aeabi_idiv
                0x080023d8                __aeabi_idivmod
 .text          0x080023f8        0x4 c:/devkitpro/devkitarm/bin/../lib/gcc/arm-none-eabi/6.3.0/thumb\libgcc.a(_dvmd_tls.o)
                0x080023f8                __aeabi_idiv0
                0x080023f8                __aeabi_ldiv0
 .text          0x080023fc       0x3c c:/devkitpro/devkitarm/bin/../lib/gcc/arm-none-eabi/6.3.0/thumb\libgcc.a(_call_via_rX.o)
                0x080023fc                _call_via_r0
                0x08002400                _call_via_r1
                0x08002404                _call_via_r2
                0x08002408                _call_via_r3
                0x0800240c                _call_via_r4
                0x08002410                _call_via_r5
                0x08002414                _call_via_r6
                0x08002418                _call_via_r7
                0x0800241c                _call_via_r8
                0x08002420                _call_via_r9
                0x08002424                _call_via_sl
                0x08002428                _call_via_fp
                0x0800242c                _call_via_ip
                0x08002430                _call_via_sp
                0x08002434                _call_via_lr
 *(.text .stub .text.* .gnu.linkonce.t.*)
 .text.deregister_tm_clones
                0x08002438       0x30 c:/devkitpro/devkitarm/bin/../lib/gcc/arm-none-eabi/6.3.0/thumb/crtbegin.o
 .text.register_tm_clones
                0x08002468       0x34 c:/devkitpro/devkitarm/bin/../lib/gcc/arm-none-eabi/6.3.0/thumb/crtbegin.o
 .text.__do_global_dtors_aux
                0x0800249c       0x30 c:/devkitpro/devkitarm/bin/../lib/gcc/arm-none-eabi/6.3.0/thumb/crtbegin.o
 .text.frame_dummy
                0x080024cc       0x48 c:/devkitpro/devkitarm/bin/../lib/gcc/arm-none-eabi/6.3.0/thumb/crtbegin.o
 .text.startup  0x08002514      0xf88 basicsource.o
                0x08002514                main
 .text.__libc_init_array
                0x0800349c       0x58 c:/devkitpro/devkitarm/bin/../lib/gcc/arm-none-eabi/6.3.0/../../../../arm-none-eabi/lib/thumb\libg.a(lib_a-init.o)
                0x0800349c                __libc_init_array
 .text.malloc   0x080034f4       0x14 c:/devkitpro/devkitarm/bin/../lib/gcc/arm-none-eabi/6.3.0/../../../../arm-none-eabi/lib/thumb\libg.a(lib_a-malloc.o)
                0x080034f4                malloc
 .text._malloc_r
                0x08003508      0x560 c:/devkitpro/devkitarm/bin/../lib/gcc/arm-none-eabi/6.3.0/../../../../arm-none-eabi/lib/thumb\libg.a(lib_a-mallocr.o)
                0x08003508                _malloc_r
 .text.__malloc_lock
                0x08003a68       0x14 c:/devkitpro/devkitarm/bin/../lib/gcc/arm-none-eabi/6.3.0/../../../../arm-none-eabi/lib/thumb\libg.a(lib_a-mlock.o)
                0x08003a68                __malloc_lock
 .text.__malloc_unlock
                0x08003a7c       0x14 c:/devkitpro/devkitarm/bin/../lib/gcc/arm-none-eabi/6.3.0/../../../../arm-none-eabi/lib/thumb\libg.a(lib_a-mlock.o)
                0x08003a7c                __malloc_unlock
 .text._malloc_trim_r
                0x08003a90       0xa4 c:/devkitpro/devkitarm/bin/../lib/gcc/arm-none-eabi/6.3.0/../../../../arm-none-eabi/lib/thumb\libg.a(lib_a-freer.o)
                0x08003a90                _malloc_trim_r
 .text._free_r  0x08003b34      0x1c0 c:/devkitpro/devkitarm/bin/../lib/gcc/arm-none-eabi/6.3.0/../../../../arm-none-eabi/lib/thumb\libg.a(lib_a-freer.o)
                0x08003b34                _free_r
 .text._sbrk_r  0x08003cf4       0x54 c:/devkitpro/devkitarm/bin/../lib/gcc/arm-none-eabi/6.3.0/../../../../arm-none-eabi/lib/thumb\libsysbase.a(sbrk.o)
                0x08003cf4                _sbrk_r
 .text.__libc_lock_acquire_recursive
                0x08003d48       0x1c c:/devkitpro/devkitarm/bin/../lib/gcc/arm-none-eabi/6.3.0/../../../../arm-none-eabi/lib/thumb\libsysbase.a(syscall_support.o)
                0x08003d48                __libc_lock_acquire_recursive
 .text.__libc_lock_release_recursive
                0x08003d64       0x1c c:/devkitpro/devkitarm/bin/../lib/gcc/arm-none-eabi/6.3.0/../../../../arm-none-eabi/lib/thumb\libsysbase.a(syscall_support.o)
                0x08003d64                __libc_lock_release_recursive
 .text.__getreent
                0x08003d80       0x28 c:/devkitpro/devkitarm/bin/../lib/gcc/arm-none-eabi/6.3.0/../../../../arm-none-eabi/lib/thumb\libsysbase.a(getreent.o)
                0x08003d80                __getreent
 .text.__getreent.__stub
                0x08003da8       0x14 linker stubs
 *(.text.*personality*)
 *(.gnu.warning)
 *(.glue_7t)
 .glue_7t       0x08003dc0        0x0 linker stubs
 *(.glue_7)
 .glue_7        0x08003dc0        0x0 linker stubs
 *(.vfp11_veneer)
 .vfp11_veneer  0x08003dc0        0x0 linker stubs
                0x08003dc0                . = ALIGN (0x4)
                0x08003dc0                __text_end = .

.v4_bx          0x08003dc0        0x0
 .v4_bx         0x08003dc0        0x0 linker stubs

.iplt           0x08003dc0        0x0
 .iplt          0x08003dc0        0x0 c:/devkitpro/devkitarm/bin/../lib/gcc/arm-none-eabi/6.3.0/../../../../arm-none-eabi/lib/thumb/gba_crt0.o

.fini           0x08003dc0        0xc
 *(.fini)
 .fini          0x08003dc0        0x4 c:/devkitpro/devkitarm/bin/../lib/gcc/arm-none-eabi/6.3.0/thumb/crti.o
                0x08003dc0                _fini
 .fini          0x08003dc4        0x8 c:/devkitpro/devkitarm/bin/../lib/gcc/arm-none-eabi/6.3.0/thumb/crtn.o
                0x08003dcc                . = ALIGN (0x4)

.rodata         0x08003dcc    0x35efc
 *(.rodata)
 .rodata        0x08003dcc    0x31efc soundbank.o
                0x08003dcc                soundbank_bin
                0x08035cc4                soundbank_bin_size
                0x08035cc4                soundbank_bin_end
 .rodata        0x08035cc8     0x2000 charData.o
                0x08035cc8                charData
 .rodata        0x08037cc8     0x2000 mapData.o
                0x08037cc8                mapData
 *all.rodata*(*)
 *(.roda)
 *(.rodata.*)
 *(.gnu.linkonce.r*)
                0x08039cc8                . = ALIGN (0x4)

.ARM.extab
 *(.ARM.extab* .gnu.linkonce.armextab.*)
                0x08039cc8                __exidx_start = .

.ARM.exidx
 *(.ARM.exidx* .gnu.linkonce.armexidx.*)
                0x08039cc8                __exidx_end = .

.ctors          0x08039cc8        0x0
 *crtbegin.o(.ctors)
 *(EXCLUDE_FILE(*crtend.o) .ctors)
 *(SORT(.ctors.*))
 *(.ctors)
                0x08039cc8                . = ALIGN (0x4)

.dtors          0x08039cc8        0x0
 *crtbegin.o(.dtors)
 *(EXCLUDE_FILE(*crtend.o) .dtors)
 *(SORT(.dtors.*))
 *(.dtors)
                0x08039cc8                . = ALIGN (0x4)

.eh_frame       0x08039cc8        0x4
 *(.eh_frame)
 .eh_frame      0x08039cc8        0x0 c:/devkitpro/devkitarm/bin/../lib/gcc/arm-none-eabi/6.3.0/thumb/crtbegin.o
 .eh_frame      0x08039cc8        0x4 c:/devkitpro/devkitarm/bin/../lib/gcc/arm-none-eabi/6.3.0/thumb/crtend.o
                0x08039ccc                . = ALIGN (0x4)

.gcc_except_table
                0x08039ccc        0x0
 *(.gcc_except_table)
                0x08039ccc                . = ALIGN (0x4)
                0x08039ccc                __iwram_lma = .

.iwram          0x03000000     0x1494 load address 0x08039ccc
                0x03000000                __iwram_start__ = ABSOLUTE (.)
 *(.iwram)
 .iwram         0x03000000       0xb8 c:/devkitPro/libgba/lib\libgba.a(InterruptDispatcher.o)
                0x03000000                IntrMain
 .iwram         0x030000b8        0x8 c:/devkitPro/libgba/lib\libmm.a(mm_main.o)
                0x030000b8                mpp_call_r7i
                0x030000ba                mpp_call_r2i
                0x030000bc                mpp_call_r1i
 .iwram         0x030000c0      0x554 c:/devkitPro/libgba/lib\libmm.a(mm_mas.o)
                0x030000c0                mppProcessTick
                0x030001a4                mpp_Channel_NewNote
                0x03000284                mpp_Update_ACHN_notest
 .iwram         0x03000614      0x838 c:/devkitPro/libgba/lib\libmm.a(mm_mixer_gba.o)
                0x03000618                mmVBlank
                0x0300069c                mmMixerMix
 .iwram         0x03000e4c      0x648 c:/devkitPro/libgba/lib\libmm.a(mm_mas_arm.o)
                0x03000e4c                mmAllocChannel
                0x03000ec0                mmReadPattern
                0x03000fac                mmUpdateChannel_T0
                0x030011ec                mmUpdateChannel_TN
                0x0300138c                mmGetPeriod
                0x030013d0                note_table_oct
                0x030013ee                note_table_mod
 *iwram.*(.text)
                0x03001494                . = ALIGN (0x4)
                0x03001494                __iwram_end__ = ABSOLUTE (.)
                0x0803b160                __data_lma = (__iwram_lma + SIZEOF (.iwram))

.rel.dyn        0x03001494        0x0 load address 0x0803b160
 .rel.iplt      0x03001494        0x0 c:/devkitpro/devkitarm/bin/../lib/gcc/arm-none-eabi/6.3.0/../../../../arm-none-eabi/lib/thumb/gba_crt0.o

.bss            0x03001494      0x894
                0x03001494                __bss_start = ABSOLUTE (.)
                0x03001494                __bss_start__ = ABSOLUTE (.)
 *(.dynbss)
 *(.gnu.linkonce.b*)
 *(.bss*)
 .bss.completed.6497
                0x03001494        0x1 c:/devkitpro/devkitarm/bin/../lib/gcc/arm-none-eabi/6.3.0/thumb/crtbegin.o
 *fill*         0x03001495        0x3 
 .bss.object.6502
                0x03001498       0x18 c:/devkitpro/devkitarm/bin/../lib/gcc/arm-none-eabi/6.3.0/thumb/crtbegin.o
 .bss           0x030014b0        0xa c:/devkitPro/libgba/lib\libgba.a(input.o)
 *fill*         0x030014ba        0x2 
 .bss           0x030014bc       0x20 c:/devkitPro/libgba/lib\libmm.a(mm_main.o)
                0x030014bc                mmCallback
                0x030014c0                mmModuleCount
                0x030014c4                mmModuleBank
                0x030014c8                mmSampleBank
                0x030014cc                mm_ch_mask
                0x030014d0                mm_vblank_function
                0x030014d4                mmInitialized
                0x030014d8                mp_solution
 .bss           0x030014dc      0x148 c:/devkitPro/libgba/lib\libmm.a(mm_mas.o)
                0x030014dc                mmLayerMain
                0x03001514                mmLayerSub
                0x0300154c                mpp_vars
                0x0300155c                mpp_layerp
                0x03001560                mpp_channels
                0x03001570                mpp_nchannels
                0x03001571                mpp_clayer
                0x03001574                mm_achannels
                0x03001578                mm_pchannels
                0x0300157c                mm_num_mch
                0x03001580                mm_num_ach
                0x03001584                mm_schannels
 .bss           0x03001624      0x420 c:/devkitPro/libgba/lib\libmm.a(mm_init_default.o)
 .bss           0x03001a44      0x1bc c:/devkitPro/libgba/lib\libmm.a(mm_mixer_gba.o)
                0x03001a44                mp_writepos
                0x03001a4c                mm_mixchannels
                0x03001a54                mm_mixlen
                0x03001a68                mm_bpmdv
                0x03001a6c                mp_mix_seg
 .bss           0x03001c00       0x2d c:/devkitPro/libgba/lib\libmm.a(mm_effect.o)
                0x03001c24                mm_sfx_bitmask
                0x03001c28                mm_sfx_clearmask
 *fill*         0x03001c2d        0x3 
 .bss.__malloc_current_mallinfo
                0x03001c30       0x28 c:/devkitpro/devkitarm/bin/../lib/gcc/arm-none-eabi/6.3.0/../../../../arm-none-eabi/lib/thumb\libg.a(lib_a-mallocr.o)
                0x03001c30                __malloc_current_mallinfo
 .bss.__malloc_max_sbrked_mem
                0x03001c58        0x4 c:/devkitpro/devkitarm/bin/../lib/gcc/arm-none-eabi/6.3.0/../../../../arm-none-eabi/lib/thumb\libg.a(lib_a-mallocr.o)
                0x03001c58                __malloc_max_sbrked_mem
 .bss.__malloc_max_total_mem
                0x03001c5c        0x4 c:/devkitpro/devkitarm/bin/../lib/gcc/arm-none-eabi/6.3.0/../../../../arm-none-eabi/lib/thumb\libg.a(lib_a-mallocr.o)
                0x03001c5c                __malloc_max_total_mem
 .bss.__malloc_top_pad
                0x03001c60        0x4 c:/devkitpro/devkitarm/bin/../lib/gcc/arm-none-eabi/6.3.0/../../../../arm-none-eabi/lib/thumb\libg.a(lib_a-mallocr.o)
                0x03001c60                __malloc_top_pad
 .bss.heap_start.5804
                0x03001c64        0x4 c:/devkitpro/devkitarm/bin/../lib/gcc/arm-none-eabi/6.3.0/../../../../arm-none-eabi/lib/thumb\libsysbase.a(sbrk.o)
 .bss.fake_heap_end
                0x03001c68        0x4 c:/devkitpro/devkitarm/bin/../lib/gcc/arm-none-eabi/6.3.0/../../../../arm-none-eabi/lib/thumb\libsysbase.a(malloc_vars.o)
                0x03001c68                fake_heap_end
 .bss.fake_heap_start
                0x03001c6c        0x4 c:/devkitpro/devkitarm/bin/../lib/gcc/arm-none-eabi/6.3.0/../../../../arm-none-eabi/lib/thumb\libsysbase.a(malloc_vars.o)
                0x03001c6c                fake_heap_start
 .bss.__syscalls
                0x03001c70       0x38 c:/devkitpro/devkitarm/bin/../lib/gcc/arm-none-eabi/6.3.0/../../../../arm-none-eabi/lib/thumb\libsysbase.a(syscall_support.o)
                0x03001c70                __syscalls
 *(COMMON)
 COMMON         0x03001ca8        0x8 basicsource.o
                0x03001ca8                gameState
                0x03001cac                wave
 COMMON         0x03001cb0       0x78 c:/devkitPro/libgba/lib\libgba.a(interrupt.o)
                0x03001cb0                IntrTable
                0x03001d28                . = ALIGN (0x4)
                0x03001d28                __bss_end__ = ABSOLUTE (.)

.data           0x03001d28      0x890 load address 0x0803b160
                0x03001d28                __data_start__ = ABSOLUTE (.)
 *(.data)
 .data          0x03001d28        0xc basicsource.o
                0x03001d28                oam
                0x03001d2c                menuSound
                0x03001d2d                deadSound
                0x03001d2e                winSound
                0x03001d30                control
 .data          0x03001d34        0x3 c:/devkitPro/libgba/lib\libgba.a(input.o)
 *(.data.*)
 *fill*         0x03001d37        0x1 ff
 .data.__malloc_av_
                0x03001d38      0x408 c:/devkitpro/devkitarm/bin/../lib/gcc/arm-none-eabi/6.3.0/../../../../arm-none-eabi/lib/thumb\libg.a(lib_a-mallocr.o)
                0x03001d38                __malloc_av_
 .data.__malloc_sbrk_base
                0x03002140        0x4 c:/devkitpro/devkitarm/bin/../lib/gcc/arm-none-eabi/6.3.0/../../../../arm-none-eabi/lib/thumb\libg.a(lib_a-mallocr.o)
                0x03002140                __malloc_sbrk_base
 .data.__malloc_trim_threshold
                0x03002144        0x4 c:/devkitpro/devkitarm/bin/../lib/gcc/arm-none-eabi/6.3.0/../../../../arm-none-eabi/lib/thumb\libg.a(lib_a-mallocr.o)
                0x03002144                __malloc_trim_threshold
 .data.__malloc_lock_object
                0x03002148        0xc c:/devkitpro/devkitarm/bin/../lib/gcc/arm-none-eabi/6.3.0/../../../../arm-none-eabi/lib/thumb\libg.a(lib_a-mlock.o)
 .data._impure_ptr
                0x03002154        0x4 c:/devkitpro/devkitarm/bin/../lib/gcc/arm-none-eabi/6.3.0/../../../../arm-none-eabi/lib/thumb\libg.a(lib_a-impure.o)
                0x03002154                _impure_ptr
 .data.impure_data
                0x03002158      0x460 c:/devkitpro/devkitarm/bin/../lib/gcc/arm-none-eabi/6.3.0/../../../../arm-none-eabi/lib/thumb\libg.a(lib_a-impure.o)
 *(.gnu.linkonce.d*)
                0x030025b8                . = ALIGN (0x4)
                0x0803b9f0                __preinit_lma = (__data_lma + SIZEOF (.data))

.igot.plt       0x030025b8        0x0 load address 0x0803b9f0
 .igot.plt      0x030025b8        0x0 c:/devkitpro/devkitarm/bin/../lib/gcc/arm-none-eabi/6.3.0/../../../../arm-none-eabi/lib/thumb/gba_crt0.o

.tm_clone_table
                0x030025b8        0x0 load address 0x0803b9f0
 .tm_clone_table
                0x030025b8        0x0 c:/devkitpro/devkitarm/bin/../lib/gcc/arm-none-eabi/6.3.0/thumb/crtbegin.o
 .tm_clone_table
                0x030025b8        0x0 c:/devkitpro/devkitarm/bin/../lib/gcc/arm-none-eabi/6.3.0/thumb/crtend.o

.preinit_array  0x030025b8        0x0 load address 0x0803b9f0
                0x030025b8                __preinit_array_start = ABSOLUTE (.)
 *(.preinit_array)
                0x030025b8                __preinit_array_end = ABSOLUTE (.)
                0x0803b9f0                __init_lma = (__preinit_lma + SIZEOF (.preinit_array))

.init_array     0x030025b8        0x4 load address 0x0803b9f0
                0x030025b8                __init_array_start = ABSOLUTE (.)
 *(SORT(.init_array.*))
 *(.init_array)
 .init_array    0x030025b8        0x4 c:/devkitpro/devkitarm/bin/../lib/gcc/arm-none-eabi/6.3.0/thumb/crtbegin.o
                0x030025bc                __init_array_end = ABSOLUTE (.)
                0x0803b9f4                __fini_lma = (__init_lma + SIZEOF (.init_array))

.fini_array     0x030025bc        0x4 load address 0x0803b9f4
                0x030025bc                __fini_array_start = ABSOLUTE (.)
 *(SORT(.fini_array.*))
 *(.fini_array)
 .fini_array    0x030025bc        0x4 c:/devkitpro/devkitarm/bin/../lib/gcc/arm-none-eabi/6.3.0/thumb/crtbegin.o
                0x030025c0                __fini_array_end = ABSOLUTE (.)
                0x0803b9f8                __jcr_lma = (__fini_lma + SIZEOF (.fini_array))

.jcr            0x030025c0        0x4 load address 0x0803b9f8
 *(.jcr)
 .jcr           0x030025c0        0x0 c:/devkitpro/devkitarm/bin/../lib/gcc/arm-none-eabi/6.3.0/thumb/crtbegin.o
 .jcr           0x030025c0        0x4 c:/devkitpro/devkitarm/bin/../lib/gcc/arm-none-eabi/6.3.0/thumb/crtend.o
                0x030025c4                __data_end__ = ABSOLUTE (.)
                0x0803b9fc                __iwram_overlay_lma = (__jcr_lma + SIZEOF (.jcr))
                0x030025c4                __iwram_overlay_start = .

.iwram0         0x030025c4        0x0 load address 0x0803b9fc
 *(.iwram0)
                0x030025c4                . = ALIGN (0x4)
                0x0803b9fc                PROVIDE (__load_start_iwram0, LOADADDR (.iwram0))
                0x0803b9fc                PROVIDE (__load_stop_iwram0, (LOADADDR (.iwram0) + SIZEOF (.iwram0)))

.iwram1         0x030025c4        0x0
 *(.iwram1)
                0x030025c4                . = ALIGN (0x4)
                [!provide]                PROVIDE (__load_start_iwram1, LOADADDR (.iwram1))
                [!provide]                PROVIDE (__load_stop_iwram1, (LOADADDR (.iwram1) + SIZEOF (.iwram1)))

.iwram2         0x030025c4        0x0
 *(.iwram2)
                0x030025c4                . = ALIGN (0x4)
                [!provide]                PROVIDE (__load_start_iwram2, LOADADDR (.iwram2))
                [!provide]                PROVIDE (__load_stop_iwram2, (LOADADDR (.iwram2) + SIZEOF (.iwram2)))

.iwram3         0x030025c4        0x0
 *(.iwram3)
                0x030025c4                . = ALIGN (0x4)
                [!provide]                PROVIDE (__load_start_iwram3, LOADADDR (.iwram3))
                [!provide]                PROVIDE (__load_stop_iwram3, (LOADADDR (.iwram3) + SIZEOF (.iwram3)))

.iwram4         0x030025c4        0x0
 *(.iwram4)
                0x030025c4                . = ALIGN (0x4)
                [!provide]                PROVIDE (__load_start_iwram4, LOADADDR (.iwram4))
                [!provide]                PROVIDE (__load_stop_iwram4, (LOADADDR (.iwram4) + SIZEOF (.iwram4)))

.iwram5         0x030025c4        0x0
 *(.iwram5)
                0x030025c4                . = ALIGN (0x4)
                [!provide]                PROVIDE (__load_start_iwram5, LOADADDR (.iwram5))
                [!provide]                PROVIDE (__load_stop_iwram5, (LOADADDR (.iwram5) + SIZEOF (.iwram5)))

.iwram6         0x030025c4        0x0
 *(.iwram6)
                0x030025c4                . = ALIGN (0x4)
                [!provide]                PROVIDE (__load_start_iwram6, LOADADDR (.iwram6))
                [!provide]                PROVIDE (__load_stop_iwram6, (LOADADDR (.iwram6) + SIZEOF (.iwram6)))

.iwram7         0x030025c4        0x0
 *(.iwram7)
                0x030025c4                . = ALIGN (0x4)
                [!provide]                PROVIDE (__load_start_iwram7, LOADADDR (.iwram7))
                [!provide]                PROVIDE (__load_stop_iwram7, (LOADADDR (.iwram7) + SIZEOF (.iwram7)))

.iwram8         0x030025c4        0x0
 *(.iwram8)
                0x030025c4                . = ALIGN (0x4)
                [!provide]                PROVIDE (__load_start_iwram8, LOADADDR (.iwram8))
                [!provide]                PROVIDE (__load_stop_iwram8, (LOADADDR (.iwram8) + SIZEOF (.iwram8)))

.iwram9         0x030025c4        0x0
 *(.iwram9)
                0x030025c4                . = ALIGN (0x4)
                [!provide]                PROVIDE (__load_start_iwram9, LOADADDR (.iwram9))
                [!provide]                PROVIDE (__load_stop_iwram9, (LOADADDR (.iwram9) + SIZEOF (.iwram9)))
                0x030025c4                __iwram_overlay_end = .
                0x0803b9fc                __ewram_lma = (__iwram_overlay_lma + (__iwram_overlay_end - __iwram_overlay_start))
                0x030025c4                __iheap_start = .
                0x02000000                __ewram_start = ORIGIN (ewram)

.ewram          0x02000000        0x0 load address 0x0803b9fc
 *(.ewram)
                0x02000000                . = ALIGN (0x4)
                0x02000000                __ewram_end = ABSOLUTE (.)
                0x0803b9fc                __pad_lma = (__ewram_lma + SIZEOF (.ewram))

.sbss           0x02000000        0x0
                0x02000000                __sbss_start__ = ABSOLUTE (.)
 *(.sbss)
                0x02000000                . = ALIGN (0x4)
                0x02000000                __sbss_end__ = ABSOLUTE (.)
                0x02000000                __end__ = ABSOLUTE (.)
                0x02000000                __eheap_start = ABSOLUTE (.)

.pad            0x02000000        0x8 load address 0x0803b9fc
                0x02000000        0x4 LONG 0x52416b64
                0x02000004        0x4 LONG 0x4d
                0x02000008                . = ALIGN (0x4)
                0x0803ba04                __rom_end__ = (__pad_lma + SIZEOF (.pad))

.stab
 *(.stab)

.stabstr
 *(.stabstr)

.stab.excl
 *(.stab.excl)

.stab.exclstr
 *(.stab.exclstr)

.stab.index
 *(.stab.index)

.stab.indexstr
 *(.stab.indexstr)

.comment        0x00000000       0x22
 *(.comment)
 .comment       0x00000000       0x22 c:/devkitpro/devkitarm/bin/../lib/gcc/arm-none-eabi/6.3.0/thumb/crtbegin.o
                                 0x23 (size before relaxing)
 .comment       0x00000022       0x23 basicsource.o
 .comment       0x00000022       0x23 charData.o
 .comment       0x00000022       0x23 mapData.o
 .comment       0x00000022       0x23 c:/devkitPro/libgba/lib\libgba.a(input.o)
 .comment       0x00000022       0x23 c:/devkitPro/libgba/lib\libgba.a(interrupt.o)
 .comment       0x00000022       0x23 c:/devkitpro/devkitarm/bin/../lib/gcc/arm-none-eabi/6.3.0/../../../../arm-none-eabi/lib/thumb\libg.a(lib_a-init.o)
 .comment       0x00000022       0x23 c:/devkitpro/devkitarm/bin/../lib/gcc/arm-none-eabi/6.3.0/../../../../arm-none-eabi/lib/thumb\libg.a(lib_a-malloc.o)
 .comment       0x00000022       0x23 c:/devkitpro/devkitarm/bin/../lib/gcc/arm-none-eabi/6.3.0/../../../../arm-none-eabi/lib/thumb\libg.a(lib_a-mallocr.o)
 .comment       0x00000022       0x23 c:/devkitpro/devkitarm/bin/../lib/gcc/arm-none-eabi/6.3.0/../../../../arm-none-eabi/lib/thumb\libg.a(lib_a-mlock.o)
 .comment       0x00000022       0x23 c:/devkitpro/devkitarm/bin/../lib/gcc/arm-none-eabi/6.3.0/../../../../arm-none-eabi/lib/thumb\libg.a(lib_a-freer.o)
 .comment       0x00000022       0x23 c:/devkitpro/devkitarm/bin/../lib/gcc/arm-none-eabi/6.3.0/../../../../arm-none-eabi/lib/thumb\libsysbase.a(sbrk.o)
 .comment       0x00000022       0x23 c:/devkitpro/devkitarm/bin/../lib/gcc/arm-none-eabi/6.3.0/../../../../arm-none-eabi/lib/thumb\libsysbase.a(malloc_vars.o)
 .comment       0x00000022       0x23 c:/devkitpro/devkitarm/bin/../lib/gcc/arm-none-eabi/6.3.0/../../../../arm-none-eabi/lib/thumb\libsysbase.a(syscall_support.o)
 .comment       0x00000022       0x23 c:/devkitpro/devkitarm/bin/../lib/gcc/arm-none-eabi/6.3.0/../../../../arm-none-eabi/lib/thumb\libsysbase.a(getreent.o)
 .comment       0x00000022       0x23 c:/devkitpro/devkitarm/bin/../lib/gcc/arm-none-eabi/6.3.0/../../../../arm-none-eabi/lib/thumb\libg.a(lib_a-impure.o)
 .comment       0x00000022       0x23 c:/devkitpro/devkitarm/bin/../lib/gcc/arm-none-eabi/6.3.0/thumb/crtend.o

.debug
 *(.debug)

.line
 *(.line)

.debug_srcinfo
 *(.debug_srcinfo)

.debug_sfnames
 *(.debug_sfnames)

.debug_aranges  0x00000000       0xb8
 *(.debug_aranges)
 .debug_aranges
                0x00000000       0x28 basicsource.o
 .debug_aranges
                0x00000028       0x18 charData.o
 .debug_aranges
                0x00000040       0x18 mapData.o
 .debug_aranges
                0x00000058       0x20 c:/devkitPro/libgba/lib\libgba.a(input.o)
 .debug_aranges
                0x00000078       0x20 c:/devkitPro/libgba/lib\libgba.a(interrupt.o)
 .debug_aranges
                0x00000098       0x20 c:/devkitPro/libgba/lib\libgba.a(InterruptDispatcher.o)

.debug_pubnames
 *(.debug_pubnames)

.debug_info     0x00000000     0x2289
 *(.debug_info)
 .debug_info    0x00000000     0x1b67 basicsource.o
 .debug_info    0x00001b67       0x54 charData.o
 .debug_info    0x00001bbb       0x54 mapData.o
 .debug_info    0x00001c0f      0x234 c:/devkitPro/libgba/lib\libgba.a(input.o)
 .debug_info    0x00001e43      0x3a6 c:/devkitPro/libgba/lib\libgba.a(interrupt.o)
 .debug_info    0x000021e9       0xa0 c:/devkitPro/libgba/lib\libgba.a(InterruptDispatcher.o)

.debug_abbrev   0x00000000      0x73e
 *(.debug_abbrev)
 .debug_abbrev  0x00000000      0x3bd basicsource.o
 .debug_abbrev  0x000003bd       0x43 charData.o
 .debug_abbrev  0x00000400       0x43 mapData.o
 .debug_abbrev  0x00000443      0x118 c:/devkitPro/libgba/lib\libgba.a(input.o)
 .debug_abbrev  0x0000055b      0x1cf c:/devkitPro/libgba/lib\libgba.a(interrupt.o)
 .debug_abbrev  0x0000072a       0x14 c:/devkitPro/libgba/lib\libgba.a(InterruptDispatcher.o)

.debug_line     0x00000000      0xba6
 *(.debug_line)
 .debug_line    0x00000000      0x70d basicsource.o
 .debug_line    0x0000070d       0x3f charData.o
 .debug_line    0x0000074c       0x42 mapData.o
 .debug_line    0x0000078e      0x187 c:/devkitPro/libgba/lib\libgba.a(input.o)
 .debug_line    0x00000915      0x1ec c:/devkitPro/libgba/lib\libgba.a(interrupt.o)
 .debug_line    0x00000b01       0xa5 c:/devkitPro/libgba/lib\libgba.a(InterruptDispatcher.o)

.debug_frame    0x00000000      0x20c
 *(.debug_frame)
 .debug_frame   0x00000000       0xdc basicsource.o
 .debug_frame   0x000000dc       0x80 c:/devkitPro/libgba/lib\libgba.a(input.o)
 .debug_frame   0x0000015c       0xb0 c:/devkitPro/libgba/lib\libgba.a(interrupt.o)

.debug_str      0x00000000      0xc01
 *(.debug_str)
 .debug_str     0x00000000      0x9eb basicsource.o
                                0xa6f (size before relaxing)
 .debug_str     0x000009eb       0x1f charData.o
                                 0xad (size before relaxing)
 .debug_str     0x00000a0a       0x22 mapData.o
                                 0xaf (size before relaxing)
 .debug_str     0x00000a2c       0xe0 c:/devkitPro/libgba/lib\libgba.a(input.o)
                                0x1b1 (size before relaxing)
 .debug_str     0x00000b0c       0xf5 c:/devkitPro/libgba/lib\libgba.a(interrupt.o)
                                0x2af (size before relaxing)

.debug_loc      0x00000000     0x1aa8
 *(.debug_loc)
 .debug_loc     0x00000000     0x16db basicsource.o
 .debug_loc     0x000016db       0x27 c:/devkitPro/libgba/lib\libgba.a(input.o)
 .debug_loc     0x00001702      0x3a6 c:/devkitPro/libgba/lib\libgba.a(interrupt.o)

.debug_macinfo
 *(.debug_macinfo)

.debug_weaknames
 *(.debug_weaknames)

.debug_funcnames
 *(.debug_funcnames)

.debug_typenames
 *(.debug_typenames)

.debug_varnames
 *(.debug_varnames)

.stack          0x00080000        0x0
                0x00080000                _stack = .
 *(.stack)

.note.gnu.arm.ident
 *(.note.gnu.arm.ident)

.ARM.attributes
                0x00000000       0x2c
 *(.ARM.attributes)
 .ARM.attributes
                0x00000000       0x20 c:/devkitpro/devkitarm/bin/../lib/gcc/arm-none-eabi/6.3.0/../../../../arm-none-eabi/lib/thumb/gba_crt0.o
 .ARM.attributes
                0x00000020       0x16 c:/devkitpro/devkitarm/bin/../lib/gcc/arm-none-eabi/6.3.0/thumb/crti.o
 .ARM.attributes
                0x00000036       0x30 c:/devkitpro/devkitarm/bin/../lib/gcc/arm-none-eabi/6.3.0/thumb/crtbegin.o
 .ARM.attributes
                0x00000066       0x14 soundbank.o
 .ARM.attributes
                0x0000007a       0x2c basicsource.o
 .ARM.attributes
                0x000000a6       0x2c charData.o
 .ARM.attributes
                0x000000d2       0x2c mapData.o
 .ARM.attributes
                0x000000fe       0x14 back.o
 .ARM.attributes
                0x00000112       0x14 myasm.o
 .ARM.attributes
                0x00000126       0x30 c:/devkitPro/libgba/lib\libgba.a(input.o)
 .ARM.attributes
                0x00000156       0x30 c:/devkitPro/libgba/lib\libgba.a(interrupt.o)
 .ARM.attributes
                0x00000186       0x16 c:/devkitPro/libgba/lib\libgba.a(InterruptDispatcher.o)
 .ARM.attributes
                0x0000019c       0x1a c:/devkitPro/libgba/lib\libmm.a(mm_main.o)
 .ARM.attributes
                0x000001b6       0x1a c:/devkitPro/libgba/lib\libmm.a(mm_mas.o)
 .ARM.attributes
                0x000001d0       0x1a c:/devkitPro/libgba/lib\libmm.a(mm_init_default.o)
 .ARM.attributes
                0x000001ea       0x1a c:/devkitPro/libgba/lib\libmm.a(mm_mixer_gba.o)
 .ARM.attributes
                0x00000204       0x1a c:/devkitPro/libgba/lib\libmm.a(mm_mas_arm.o)
 .ARM.attributes
                0x0000021e       0x1a c:/devkitPro/libgba/lib\libmm.a(mm_effect.o)
 .ARM.attributes
                0x00000238       0x18 c:/devkitpro/devkitarm/bin/../lib/gcc/arm-none-eabi/6.3.0/thumb\libgcc.a(_divsi3.o)
 .ARM.attributes
                0x00000250       0x16 c:/devkitpro/devkitarm/bin/../lib/gcc/arm-none-eabi/6.3.0/thumb\libgcc.a(_dvmd_tls.o)
 .ARM.attributes
                0x00000266       0x16 c:/devkitpro/devkitarm/bin/../lib/gcc/arm-none-eabi/6.3.0/thumb\libgcc.a(_call_via_rX.o)
 .ARM.attributes
                0x0000027c       0x30 c:/devkitpro/devkitarm/bin/../lib/gcc/arm-none-eabi/6.3.0/../../../../arm-none-eabi/lib/thumb\libg.a(lib_a-init.o)
 .ARM.attributes
                0x000002ac       0x30 c:/devkitpro/devkitarm/bin/../lib/gcc/arm-none-eabi/6.3.0/../../../../arm-none-eabi/lib/thumb\libg.a(lib_a-malloc.o)
 .ARM.attributes
                0x000002dc       0x30 c:/devkitpro/devkitarm/bin/../lib/gcc/arm-none-eabi/6.3.0/../../../../arm-none-eabi/lib/thumb\libg.a(lib_a-mallocr.o)
 .ARM.attributes
                0x0000030c       0x30 c:/devkitpro/devkitarm/bin/../lib/gcc/arm-none-eabi/6.3.0/../../../../arm-none-eabi/lib/thumb\libg.a(lib_a-mlock.o)
 .ARM.attributes
                0x0000033c       0x30 c:/devkitpro/devkitarm/bin/../lib/gcc/arm-none-eabi/6.3.0/../../../../arm-none-eabi/lib/thumb\libg.a(lib_a-freer.o)
 .ARM.attributes
                0x0000036c       0x30 c:/devkitpro/devkitarm/bin/../lib/gcc/arm-none-eabi/6.3.0/../../../../arm-none-eabi/lib/thumb\libsysbase.a(sbrk.o)
 .ARM.attributes
                0x0000039c       0x30 c:/devkitpro/devkitarm/bin/../lib/gcc/arm-none-eabi/6.3.0/../../../../arm-none-eabi/lib/thumb\libsysbase.a(malloc_vars.o)
 .ARM.attributes
                0x000003cc       0x30 c:/devkitpro/devkitarm/bin/../lib/gcc/arm-none-eabi/6.3.0/../../../../arm-none-eabi/lib/thumb\libsysbase.a(syscall_support.o)
 .ARM.attributes
                0x000003fc       0x30 c:/devkitpro/devkitarm/bin/../lib/gcc/arm-none-eabi/6.3.0/../../../../arm-none-eabi/lib/thumb\libsysbase.a(getreent.o)
 .ARM.attributes
                0x0000042c       0x30 c:/devkitpro/devkitarm/bin/../lib/gcc/arm-none-eabi/6.3.0/../../../../arm-none-eabi/lib/thumb\libg.a(lib_a-impure.o)
 .ARM.attributes
                0x0000045c       0x30 c:/devkitpro/devkitarm/bin/../lib/gcc/arm-none-eabi/6.3.0/thumb/crtend.o
 .ARM.attributes
                0x0000048c       0x16 c:/devkitpro/devkitarm/bin/../lib/gcc/arm-none-eabi/6.3.0/thumb/crtn.o

/DISCARD/
 *(.note.GNU-stack)
LOAD c:/devkitpro/devkitarm/bin/../lib/gcc/arm-none-eabi/6.3.0/../../../../arm-none-eabi/lib/thumb/gba_crt0.o
LOAD c:/devkitpro/devkitarm/bin/../lib/gcc/arm-none-eabi/6.3.0/thumb/crti.o
LOAD c:/devkitpro/devkitarm/bin/../lib/gcc/arm-none-eabi/6.3.0/thumb/crtbegin.o
LOAD soundbank.o
LOAD basicsource.o
LOAD charData.o
LOAD mapData.o
LOAD back.o
LOAD myasm.o
LOAD c:/devkitPro/libgba/lib\libgba.a
LOAD c:/devkitPro/libgba/lib\libmm.a
START GROUP
LOAD c:/devkitpro/devkitarm/bin/../lib/gcc/arm-none-eabi/6.3.0/thumb\libgcc.a
LOAD c:/devkitpro/devkitarm/bin/../lib/gcc/arm-none-eabi/6.3.0/../../../../arm-none-eabi/lib/thumb\libg.a
LOAD c:/devkitpro/devkitarm/bin/../lib/gcc/arm-none-eabi/6.3.0/../../../../arm-none-eabi/lib/thumb\libc.a
LOAD c:/devkitpro/devkitarm/bin/../lib/gcc/arm-none-eabi/6.3.0/../../../../arm-none-eabi/lib/thumb\libsysbase.a
END GROUP
LOAD c:/devkitpro/devkitarm/bin/../lib/gcc/arm-none-eabi/6.3.0/thumb/crtend.o
LOAD c:/devkitpro/devkitarm/bin/../lib/gcc/arm-none-eabi/6.3.0/thumb/crtn.o
OUTPUT(d:/gba/gba35/gba35.elf elf32-littlearm)

.debug_ranges   0x00000000      0x340
 .debug_ranges  0x00000000      0x2f8 basicsource.o
 .debug_ranges  0x000002f8       0x48 c:/devkitPro/libgba/lib\libgba.a(interrupt.o)
