Archive member included to satisfy reference by file (symbol)

c:/devkitPro/libgba/lib\libgba.a(interrupt.o)
                              basicsource.o (irqInit)
c:/devkitPro/libgba/lib\libgba.a(InterruptDispatcher.o)
                              c:/devkitPro/libgba/lib\libgba.a(interrupt.o) (IntrMain)
c:/devkitpro/devkitarm/bin/../lib/gcc/arm-none-eabi/6.3.0/../../../../arm-none-eabi/lib/thumb\libg.a(lib_a-init.o)
                              c:/devkitpro/devkitarm/bin/../lib/gcc/arm-none-eabi/6.3.0/../../../../arm-none-eabi/lib/thumb/gba_crt0.o (__libc_init_array)
c:/devkitpro/devkitarm/bin/../lib/gcc/arm-none-eabi/6.3.0/../../../../arm-none-eabi/lib/thumb\libsysbase.a(malloc_vars.o)
                              c:/devkitpro/devkitarm/bin/../lib/gcc/arm-none-eabi/6.3.0/../../../../arm-none-eabi/lib/thumb/gba_crt0.o (fake_heap_end)

Allocating common symbols
Common symbol       size              file

IntrTable           0x78              c:/devkitPro/libgba/lib\libgba.a(interrupt.o)

Discarded input sections

 .text          0x00000000        0x0 c:/devkitpro/devkitarm/bin/../lib/gcc/arm-none-eabi/6.3.0/../../../../arm-none-eabi/lib/thumb/gba_crt0.o
 .data          0x00000000        0x0 c:/devkitpro/devkitarm/bin/../lib/gcc/arm-none-eabi/6.3.0/../../../../arm-none-eabi/lib/thumb/gba_crt0.o
 .bss           0x00000000        0x0 c:/devkitpro/devkitarm/bin/../lib/gcc/arm-none-eabi/6.3.0/../../../../arm-none-eabi/lib/thumb/gba_crt0.o
 .text          0x00000000        0x0 c:/devkitpro/devkitarm/bin/../lib/gcc/arm-none-eabi/6.3.0/thumb/crti.o
 .data          0x00000000        0x0 c:/devkitpro/devkitarm/bin/../lib/gcc/arm-none-eabi/6.3.0/thumb/crti.o
 .bss           0x00000000        0x0 c:/devkitpro/devkitarm/bin/../lib/gcc/arm-none-eabi/6.3.0/thumb/crti.o
 .text          0x00000000        0x0 c:/devkitpro/devkitarm/bin/../lib/gcc/arm-none-eabi/6.3.0/thumb/crtbegin.o
 .data          0x00000000        0x0 c:/devkitpro/devkitarm/bin/../lib/gcc/arm-none-eabi/6.3.0/thumb/crtbegin.o
 .bss           0x00000000        0x0 c:/devkitpro/devkitarm/bin/../lib/gcc/arm-none-eabi/6.3.0/thumb/crtbegin.o
 .data.__dso_handle
                0x00000000        0x4 c:/devkitpro/devkitarm/bin/../lib/gcc/arm-none-eabi/6.3.0/thumb/crtbegin.o
 .text          0x00000000        0x0 basicsource.o
 .data          0x00000000        0x0 basicsource.o
 .bss           0x00000000        0x0 basicsource.o
 .data          0x00000000        0x0 c:/devkitPro/libgba/lib\libgba.a(interrupt.o)
 .bss           0x00000000        0x0 c:/devkitPro/libgba/lib\libgba.a(interrupt.o)
 .text          0x00000000        0x0 c:/devkitPro/libgba/lib\libgba.a(InterruptDispatcher.o)
 .data          0x00000000        0x0 c:/devkitPro/libgba/lib\libgba.a(InterruptDispatcher.o)
 .bss           0x00000000        0x0 c:/devkitPro/libgba/lib\libgba.a(InterruptDispatcher.o)
 .text          0x00000000        0x0 c:/devkitpro/devkitarm/bin/../lib/gcc/arm-none-eabi/6.3.0/../../../../arm-none-eabi/lib/thumb\libg.a(lib_a-init.o)
 .data          0x00000000        0x0 c:/devkitpro/devkitarm/bin/../lib/gcc/arm-none-eabi/6.3.0/../../../../arm-none-eabi/lib/thumb\libg.a(lib_a-init.o)
 .bss           0x00000000        0x0 c:/devkitpro/devkitarm/bin/../lib/gcc/arm-none-eabi/6.3.0/../../../../arm-none-eabi/lib/thumb\libg.a(lib_a-init.o)
 .text          0x00000000        0x0 c:/devkitpro/devkitarm/bin/../lib/gcc/arm-none-eabi/6.3.0/../../../../arm-none-eabi/lib/thumb\libsysbase.a(malloc_vars.o)
 .data          0x00000000        0x0 c:/devkitpro/devkitarm/bin/../lib/gcc/arm-none-eabi/6.3.0/../../../../arm-none-eabi/lib/thumb\libsysbase.a(malloc_vars.o)
 .bss           0x00000000        0x0 c:/devkitpro/devkitarm/bin/../lib/gcc/arm-none-eabi/6.3.0/../../../../arm-none-eabi/lib/thumb\libsysbase.a(malloc_vars.o)
 .bss.fake_heap_start
                0x00000000        0x4 c:/devkitpro/devkitarm/bin/../lib/gcc/arm-none-eabi/6.3.0/../../../../arm-none-eabi/lib/thumb\libsysbase.a(malloc_vars.o)
 .text          0x00000000        0x0 c:/devkitpro/devkitarm/bin/../lib/gcc/arm-none-eabi/6.3.0/thumb/crtend.o
 .data          0x00000000        0x0 c:/devkitpro/devkitarm/bin/../lib/gcc/arm-none-eabi/6.3.0/thumb/crtend.o
 .bss           0x00000000        0x0 c:/devkitpro/devkitarm/bin/../lib/gcc/arm-none-eabi/6.3.0/thumb/crtend.o
 .text          0x00000000        0x0 c:/devkitpro/devkitarm/bin/../lib/gcc/arm-none-eabi/6.3.0/thumb/crtn.o
 .data          0x00000000        0x0 c:/devkitpro/devkitarm/bin/../lib/gcc/arm-none-eabi/6.3.0/thumb/crtn.o
 .bss           0x00000000        0x0 c:/devkitpro/devkitarm/bin/../lib/gcc/arm-none-eabi/6.3.0/thumb/crtn.o

Memory Configuration

Name             Origin             Length             Attributes
rom              0x08000000         0x02000000
iwram            0x03000000         0x00008000
ewram            0x02000000         0x00040000
*default*        0x00000000         0xffffffff

Linker script and memory map

                0x08000000                __text_start = ORIGIN (rom)
                0x02040000                __eheap_end = (ORIGIN (ewram) + LENGTH (ewram))
                0x03000000                __iwram_start = ORIGIN (iwram)
                0x03008000                __iwram_top = (ORIGIN (iwram) + LENGTH (iwram))
                0x03007fa0                __sp_irq = (__iwram_top - 0x60)
                0x03007f00                __sp_usr = (__sp_irq - 0xa0)
                0x03007ff8                __irq_flags = 0x3007ff8
                0x08000000                . = __text_start

.crt0           0x08000000      0x210
 *(.crt0)
 .crt0          0x08000000      0x210 c:/devkitpro/devkitarm/bin/../lib/gcc/arm-none-eabi/6.3.0/../../../../arm-none-eabi/lib/thumb/gba_crt0.o
                0x08000000                _start
                0x080000c4                __boot_method
                0x080000c5                __slave_number
                0x080000e0                start_vector
                0x08000210                . = ALIGN (0x4)

.init           0x08000210        0xc
 *(SORT(.init))
 .init          0x08000210        0x4 c:/devkitpro/devkitarm/bin/../lib/gcc/arm-none-eabi/6.3.0/thumb/crti.o
                0x08000210                _init
 .init          0x08000214        0x8 c:/devkitpro/devkitarm/bin/../lib/gcc/arm-none-eabi/6.3.0/thumb/crtn.o

.plt            0x0800021c        0x0
 *(.plt)
                0x0800021c                . = ALIGN (0x4)

.text           0x0800021c      0x6b0
 *(EXCLUDE_FILE(*.iwram*) .text)
 .text          0x0800021c      0x3bc c:/devkitPro/libgba/lib\libgba.a(interrupt.o)
                0x0800021c                dummy
                0x08000220                InitInterrupt
                0x0800027c                irqInit
                0x080002d8                SetInterrupt
                0x080003bc                irqSet
                0x080004a0                EnableInterrupt
                0x080004ec                irqEnable
                0x08000540                DisableInterrupt
                0x0800058c                irqDisable
 *(.text .stub .text.* .gnu.linkonce.t.*)
 .text.deregister_tm_clones
                0x080005d8       0x30 c:/devkitpro/devkitarm/bin/../lib/gcc/arm-none-eabi/6.3.0/thumb/crtbegin.o
 .text.register_tm_clones
                0x08000608       0x34 c:/devkitpro/devkitarm/bin/../lib/gcc/arm-none-eabi/6.3.0/thumb/crtbegin.o
 .text.__do_global_dtors_aux
                0x0800063c       0x30 c:/devkitpro/devkitarm/bin/../lib/gcc/arm-none-eabi/6.3.0/thumb/crtbegin.o
 .text.frame_dummy
                0x0800066c       0x48 c:/devkitpro/devkitarm/bin/../lib/gcc/arm-none-eabi/6.3.0/thumb/crtbegin.o
 .text.startup  0x080006b4      0x1c0 basicsource.o
                0x080006b4                main
 .text.__libc_init_array
                0x08000874       0x58 c:/devkitpro/devkitarm/bin/../lib/gcc/arm-none-eabi/6.3.0/../../../../arm-none-eabi/lib/thumb\libg.a(lib_a-init.o)
                0x08000874                __libc_init_array
 *(.text.*personality*)
 *(.gnu.warning)
 *(.glue_7t)
 .glue_7t       0x080008cc        0x0 linker stubs
 *(.glue_7)
 .glue_7        0x080008cc        0x0 linker stubs
 *(.vfp11_veneer)
 .vfp11_veneer  0x080008cc        0x0 linker stubs
                0x080008cc                . = ALIGN (0x4)
                0x080008cc                __text_end = .

.v4_bx          0x080008cc        0x0
 .v4_bx         0x080008cc        0x0 linker stubs

.iplt           0x080008cc        0x0
 .iplt          0x080008cc        0x0 c:/devkitpro/devkitarm/bin/../lib/gcc/arm-none-eabi/6.3.0/../../../../arm-none-eabi/lib/thumb/gba_crt0.o

.fini           0x080008cc        0xc
 *(.fini)
 .fini          0x080008cc        0x4 c:/devkitpro/devkitarm/bin/../lib/gcc/arm-none-eabi/6.3.0/thumb/crti.o
                0x080008cc                _fini
 .fini          0x080008d0        0x8 c:/devkitpro/devkitarm/bin/../lib/gcc/arm-none-eabi/6.3.0/thumb/crtn.o
                0x080008d8                . = ALIGN (0x4)

.rodata         0x080008d8        0x0
 *(.rodata)
 *all.rodata*(*)
 *(.roda)
 *(.rodata.*)
 *(.gnu.linkonce.r*)
                0x080008d8                . = ALIGN (0x4)

.ARM.extab
 *(.ARM.extab* .gnu.linkonce.armextab.*)
                0x080008d8                __exidx_start = .

.ARM.exidx
 *(.ARM.exidx* .gnu.linkonce.armexidx.*)
                0x080008d8                __exidx_end = .

.ctors          0x080008d8        0x0
 *crtbegin.o(.ctors)
 *(EXCLUDE_FILE(*crtend.o) .ctors)
 *(SORT(.ctors.*))
 *(.ctors)
                0x080008d8                . = ALIGN (0x4)

.dtors          0x080008d8        0x0
 *crtbegin.o(.dtors)
 *(EXCLUDE_FILE(*crtend.o) .dtors)
 *(SORT(.dtors.*))
 *(.dtors)
                0x080008d8                . = ALIGN (0x4)

.eh_frame       0x080008d8        0x4
 *(.eh_frame)
 .eh_frame      0x080008d8        0x0 c:/devkitpro/devkitarm/bin/../lib/gcc/arm-none-eabi/6.3.0/thumb/crtbegin.o
 .eh_frame      0x080008d8        0x4 c:/devkitpro/devkitarm/bin/../lib/gcc/arm-none-eabi/6.3.0/thumb/crtend.o
                0x080008dc                . = ALIGN (0x4)

.gcc_except_table
                0x080008dc        0x0
 *(.gcc_except_table)
                0x080008dc                . = ALIGN (0x4)
                0x080008dc                __iwram_lma = .

.iwram          0x03000000       0xb8 load address 0x080008dc
                0x03000000                __iwram_start__ = ABSOLUTE (.)
 *(.iwram)
 .iwram         0x03000000       0xb8 c:/devkitPro/libgba/lib\libgba.a(InterruptDispatcher.o)
                0x03000000                IntrMain
 *iwram.*(.text)
                0x030000b8                . = ALIGN (0x4)
                0x030000b8                __iwram_end__ = ABSOLUTE (.)
                0x08000994                __data_lma = (__iwram_lma + SIZEOF (.iwram))

.rel.dyn        0x030000b8        0x0 load address 0x08000994
 .rel.iplt      0x030000b8        0x0 c:/devkitpro/devkitarm/bin/../lib/gcc/arm-none-eabi/6.3.0/../../../../arm-none-eabi/lib/thumb/gba_crt0.o

.bss            0x030000b8       0x98
                0x030000b8                __bss_start = ABSOLUTE (.)
                0x030000b8                __bss_start__ = ABSOLUTE (.)
 *(.dynbss)
 *(.gnu.linkonce.b*)
 *(.bss*)
 .bss.completed.6497
                0x030000b8        0x1 c:/devkitpro/devkitarm/bin/../lib/gcc/arm-none-eabi/6.3.0/thumb/crtbegin.o
 *fill*         0x030000b9        0x3 
 .bss.object.6502
                0x030000bc       0x18 c:/devkitpro/devkitarm/bin/../lib/gcc/arm-none-eabi/6.3.0/thumb/crtbegin.o
 .bss.fake_heap_end
                0x030000d4        0x4 c:/devkitpro/devkitarm/bin/../lib/gcc/arm-none-eabi/6.3.0/../../../../arm-none-eabi/lib/thumb\libsysbase.a(malloc_vars.o)
                0x030000d4                fake_heap_end
 *(COMMON)
 COMMON         0x030000d8       0x78 c:/devkitPro/libgba/lib\libgba.a(interrupt.o)
                0x030000d8                IntrTable
                0x03000150                . = ALIGN (0x4)
                0x03000150                __bss_end__ = ABSOLUTE (.)

.data           0x03000150        0x0 load address 0x08000994
                0x03000150                __data_start__ = ABSOLUTE (.)
 *(.data)
 *(.data.*)
 *(.gnu.linkonce.d*)
                0x03000150                . = ALIGN (0x4)
                0x08000994                __preinit_lma = (__data_lma + SIZEOF (.data))

.igot.plt       0x030000b8        0x0 load address 0x08000a2c
 .igot.plt      0x030000b8        0x0 c:/devkitpro/devkitarm/bin/../lib/gcc/arm-none-eabi/6.3.0/../../../../arm-none-eabi/lib/thumb/gba_crt0.o

.tm_clone_table
                0x030000b8        0x0 load address 0x08000a2c
 .tm_clone_table
                0x030000b8        0x0 c:/devkitpro/devkitarm/bin/../lib/gcc/arm-none-eabi/6.3.0/thumb/crtbegin.o
 .tm_clone_table
                0x030000b8        0x0 c:/devkitpro/devkitarm/bin/../lib/gcc/arm-none-eabi/6.3.0/thumb/crtend.o

.preinit_array  0x03000150        0x0 load address 0x08000994
                0x03000150                __preinit_array_start = ABSOLUTE (.)
 *(.preinit_array)
                0x03000150                __preinit_array_end = ABSOLUTE (.)
                0x08000994                __init_lma = (__preinit_lma + SIZEOF (.preinit_array))

.init_array     0x03000150        0x4 load address 0x08000994
                0x03000150                __init_array_start = ABSOLUTE (.)
 *(SORT(.init_array.*))
 *(.init_array)
 .init_array    0x03000150        0x4 c:/devkitpro/devkitarm/bin/../lib/gcc/arm-none-eabi/6.3.0/thumb/crtbegin.o
                0x03000154                __init_array_end = ABSOLUTE (.)
                0x08000998                __fini_lma = (__init_lma + SIZEOF (.init_array))

.fini_array     0x03000154        0x4 load address 0x08000998
                0x03000154                __fini_array_start = ABSOLUTE (.)
 *(SORT(.fini_array.*))
 *(.fini_array)
 .fini_array    0x03000154        0x4 c:/devkitpro/devkitarm/bin/../lib/gcc/arm-none-eabi/6.3.0/thumb/crtbegin.o
                0x03000158                __fini_array_end = ABSOLUTE (.)
                0x0800099c                __jcr_lma = (__fini_lma + SIZEOF (.fini_array))

.jcr            0x03000158        0x4 load address 0x0800099c
 *(.jcr)
 .jcr           0x03000158        0x0 c:/devkitpro/devkitarm/bin/../lib/gcc/arm-none-eabi/6.3.0/thumb/crtbegin.o
 .jcr           0x03000158        0x4 c:/devkitpro/devkitarm/bin/../lib/gcc/arm-none-eabi/6.3.0/thumb/crtend.o
                0x0300015c                __data_end__ = ABSOLUTE (.)
                0x080009a0                __iwram_overlay_lma = (__jcr_lma + SIZEOF (.jcr))
                0x0300015c                __iwram_overlay_start = .

.iwram0         0x0300015c        0x0 load address 0x080009a0
 *(.iwram0)
                0x0300015c                . = ALIGN (0x4)
                0x080009a0                PROVIDE (__load_start_iwram0, LOADADDR (.iwram0))
                0x080009a0                PROVIDE (__load_stop_iwram0, (LOADADDR (.iwram0) + SIZEOF (.iwram0)))

.iwram1         0x0300015c        0x0
 *(.iwram1)
                0x0300015c                . = ALIGN (0x4)
                [!provide]                PROVIDE (__load_start_iwram1, LOADADDR (.iwram1))
                [!provide]                PROVIDE (__load_stop_iwram1, (LOADADDR (.iwram1) + SIZEOF (.iwram1)))

.iwram2         0x0300015c        0x0
 *(.iwram2)
                0x0300015c                . = ALIGN (0x4)
                [!provide]                PROVIDE (__load_start_iwram2, LOADADDR (.iwram2))
                [!provide]                PROVIDE (__load_stop_iwram2, (LOADADDR (.iwram2) + SIZEOF (.iwram2)))

.iwram3         0x0300015c        0x0
 *(.iwram3)
                0x0300015c                . = ALIGN (0x4)
                [!provide]                PROVIDE (__load_start_iwram3, LOADADDR (.iwram3))
                [!provide]                PROVIDE (__load_stop_iwram3, (LOADADDR (.iwram3) + SIZEOF (.iwram3)))

.iwram4         0x0300015c        0x0
 *(.iwram4)
                0x0300015c                . = ALIGN (0x4)
                [!provide]                PROVIDE (__load_start_iwram4, LOADADDR (.iwram4))
                [!provide]                PROVIDE (__load_stop_iwram4, (LOADADDR (.iwram4) + SIZEOF (.iwram4)))

.iwram5         0x0300015c        0x0
 *(.iwram5)
                0x0300015c                . = ALIGN (0x4)
                [!provide]                PROVIDE (__load_start_iwram5, LOADADDR (.iwram5))
                [!provide]                PROVIDE (__load_stop_iwram5, (LOADADDR (.iwram5) + SIZEOF (.iwram5)))

.iwram6         0x0300015c        0x0
 *(.iwram6)
                0x0300015c                . = ALIGN (0x4)
                [!provide]                PROVIDE (__load_start_iwram6, LOADADDR (.iwram6))
                [!provide]                PROVIDE (__load_stop_iwram6, (LOADADDR (.iwram6) + SIZEOF (.iwram6)))

.iwram7         0x0300015c        0x0
 *(.iwram7)
                0x0300015c                . = ALIGN (0x4)
                [!provide]                PROVIDE (__load_start_iwram7, LOADADDR (.iwram7))
                [!provide]                PROVIDE (__load_stop_iwram7, (LOADADDR (.iwram7) + SIZEOF (.iwram7)))

.iwram8         0x0300015c        0x0
 *(.iwram8)
                0x0300015c                . = ALIGN (0x4)
                [!provide]                PROVIDE (__load_start_iwram8, LOADADDR (.iwram8))
                [!provide]                PROVIDE (__load_stop_iwram8, (LOADADDR (.iwram8) + SIZEOF (.iwram8)))

.iwram9         0x0300015c        0x0
 *(.iwram9)
                0x0300015c                . = ALIGN (0x4)
                [!provide]                PROVIDE (__load_start_iwram9, LOADADDR (.iwram9))
                [!provide]                PROVIDE (__load_stop_iwram9, (LOADADDR (.iwram9) + SIZEOF (.iwram9)))
                0x0300015c                __iwram_overlay_end = .
                0x080009a0                __ewram_lma = (__iwram_overlay_lma + (__iwram_overlay_end - __iwram_overlay_start))
                0x0300015c                __iheap_start = .
                0x02000000                __ewram_start = ORIGIN (ewram)

.ewram          0x02000000        0x0 load address 0x080009a0
 *(.ewram)
                0x02000000                . = ALIGN (0x4)
                0x02000000                __ewram_end = ABSOLUTE (.)
                0x080009a0                __pad_lma = (__ewram_lma + SIZEOF (.ewram))

.sbss           0x02000000        0x0
                0x02000000                __sbss_start__ = ABSOLUTE (.)
 *(.sbss)
                0x02000000                . = ALIGN (0x4)
                0x02000000                __sbss_end__ = ABSOLUTE (.)
                0x02000000                __end__ = ABSOLUTE (.)
                0x02000000                __eheap_start = ABSOLUTE (.)

.pad            0x02000000        0x8 load address 0x080009a0
                0x02000000        0x4 LONG 0x52416b64
                0x02000004        0x4 LONG 0x4d
                0x02000008                . = ALIGN (0x4)
                0x080009a8                __rom_end__ = (__pad_lma + SIZEOF (.pad))

.stab
 *(.stab)

.stabstr
 *(.stabstr)

.stab.excl
 *(.stab.excl)

.stab.exclstr
 *(.stab.exclstr)

.stab.index
 *(.stab.index)

.stab.indexstr
 *(.stab.indexstr)

.comment        0x00000000       0x22
 *(.comment)
 .comment       0x00000000       0x22 c:/devkitpro/devkitarm/bin/../lib/gcc/arm-none-eabi/6.3.0/thumb/crtbegin.o
                                 0x23 (size before relaxing)
 .comment       0x00000022       0x23 basicsource.o
 .comment       0x00000022       0x23 c:/devkitPro/libgba/lib\libgba.a(interrupt.o)
 .comment       0x00000022       0x23 c:/devkitpro/devkitarm/bin/../lib/gcc/arm-none-eabi/6.3.0/../../../../arm-none-eabi/lib/thumb\libg.a(lib_a-init.o)
 .comment       0x00000022       0x23 c:/devkitpro/devkitarm/bin/../lib/gcc/arm-none-eabi/6.3.0/../../../../arm-none-eabi/lib/thumb\libsysbase.a(malloc_vars.o)
 .comment       0x00000022       0x23 c:/devkitpro/devkitarm/bin/../lib/gcc/arm-none-eabi/6.3.0/thumb/crtend.o

.debug
 *(.debug)

.line
 *(.line)

.debug_srcinfo
 *(.debug_srcinfo)

.debug_sfnames
 *(.debug_sfnames)

.debug_aranges  0x00000000       0x60
 *(.debug_aranges)
 .debug_aranges
                0x00000000       0x20 basicsource.o
 .debug_aranges
                0x00000020       0x20 c:/devkitPro/libgba/lib\libgba.a(interrupt.o)
 .debug_aranges
                0x00000040       0x20 c:/devkitPro/libgba/lib\libgba.a(InterruptDispatcher.o)

.debug_pubnames
 *(.debug_pubnames)

.debug_info     0x00000000      0xf63
 *(.debug_info)
 .debug_info    0x00000000      0xb1d basicsource.o
 .debug_info    0x00000b1d      0x3a6 c:/devkitPro/libgba/lib\libgba.a(interrupt.o)
 .debug_info    0x00000ec3       0xa0 c:/devkitPro/libgba/lib\libgba.a(InterruptDispatcher.o)

.debug_abbrev   0x00000000      0x414
 *(.debug_abbrev)
 .debug_abbrev  0x00000000      0x231 basicsource.o
 .debug_abbrev  0x00000231      0x1cf c:/devkitPro/libgba/lib\libgba.a(interrupt.o)
 .debug_abbrev  0x00000400       0x14 c:/devkitPro/libgba/lib\libgba.a(InterruptDispatcher.o)

.debug_line     0x00000000      0x459
 *(.debug_line)
 .debug_line    0x00000000      0x1c8 basicsource.o
 .debug_line    0x000001c8      0x1ec c:/devkitPro/libgba/lib\libgba.a(interrupt.o)
 .debug_line    0x000003b4       0xa5 c:/devkitPro/libgba/lib\libgba.a(InterruptDispatcher.o)

.debug_frame    0x00000000       0xdc
 *(.debug_frame)
 .debug_frame   0x00000000       0x2c basicsource.o
 .debug_frame   0x0000002c       0xb0 c:/devkitPro/libgba/lib\libgba.a(interrupt.o)

.debug_str      0x00000000      0x77b
 *(.debug_str)
 .debug_str     0x00000000      0x64a basicsource.o
                                0x6b2 (size before relaxing)
 .debug_str     0x0000064a      0x131 c:/devkitPro/libgba/lib\libgba.a(interrupt.o)
                                0x2af (size before relaxing)

.debug_loc      0x00000000      0x3a6
 *(.debug_loc)
 .debug_loc     0x00000000      0x3a6 c:/devkitPro/libgba/lib\libgba.a(interrupt.o)

.debug_macinfo
 *(.debug_macinfo)

.debug_weaknames
 *(.debug_weaknames)

.debug_funcnames
 *(.debug_funcnames)

.debug_typenames
 *(.debug_typenames)

.debug_varnames
 *(.debug_varnames)

.stack          0x00080000        0x0
                0x00080000                _stack = .
 *(.stack)

.note.gnu.arm.ident
 *(.note.gnu.arm.ident)

.ARM.attributes
                0x00000000       0x2c
 *(.ARM.attributes)
 .ARM.attributes
                0x00000000       0x20 c:/devkitpro/devkitarm/bin/../lib/gcc/arm-none-eabi/6.3.0/../../../../arm-none-eabi/lib/thumb/gba_crt0.o
 .ARM.attributes
                0x00000020       0x16 c:/devkitpro/devkitarm/bin/../lib/gcc/arm-none-eabi/6.3.0/thumb/crti.o
 .ARM.attributes
                0x00000036       0x30 c:/devkitpro/devkitarm/bin/../lib/gcc/arm-none-eabi/6.3.0/thumb/crtbegin.o
 .ARM.attributes
                0x00000066       0x2c basicsource.o
 .ARM.attributes
                0x00000092       0x30 c:/devkitPro/libgba/lib\libgba.a(interrupt.o)
 .ARM.attributes
                0x000000c2       0x16 c:/devkitPro/libgba/lib\libgba.a(InterruptDispatcher.o)
 .ARM.attributes
                0x000000d8       0x30 c:/devkitpro/devkitarm/bin/../lib/gcc/arm-none-eabi/6.3.0/../../../../arm-none-eabi/lib/thumb\libg.a(lib_a-init.o)
 .ARM.attributes
                0x00000108       0x30 c:/devkitpro/devkitarm/bin/../lib/gcc/arm-none-eabi/6.3.0/../../../../arm-none-eabi/lib/thumb\libsysbase.a(malloc_vars.o)
 .ARM.attributes
                0x00000138       0x30 c:/devkitpro/devkitarm/bin/../lib/gcc/arm-none-eabi/6.3.0/thumb/crtend.o
 .ARM.attributes
                0x00000168       0x16 c:/devkitpro/devkitarm/bin/../lib/gcc/arm-none-eabi/6.3.0/thumb/crtn.o

/DISCARD/
 *(.note.GNU-stack)
LOAD c:/devkitpro/devkitarm/bin/../lib/gcc/arm-none-eabi/6.3.0/../../../../arm-none-eabi/lib/thumb/gba_crt0.o
LOAD c:/devkitpro/devkitarm/bin/../lib/gcc/arm-none-eabi/6.3.0/thumb/crti.o
LOAD c:/devkitpro/devkitarm/bin/../lib/gcc/arm-none-eabi/6.3.0/thumb/crtbegin.o
LOAD basicsource.o
LOAD c:/devkitPro/libgba/lib\libgba.a
START GROUP
LOAD c:/devkitpro/devkitarm/bin/../lib/gcc/arm-none-eabi/6.3.0/thumb\libgcc.a
LOAD c:/devkitpro/devkitarm/bin/../lib/gcc/arm-none-eabi/6.3.0/../../../../arm-none-eabi/lib/thumb\libg.a
LOAD c:/devkitpro/devkitarm/bin/../lib/gcc/arm-none-eabi/6.3.0/../../../../arm-none-eabi/lib/thumb\libc.a
LOAD c:/devkitpro/devkitarm/bin/../lib/gcc/arm-none-eabi/6.3.0/../../../../arm-none-eabi/lib/thumb\libsysbase.a
END GROUP
LOAD c:/devkitpro/devkitarm/bin/../lib/gcc/arm-none-eabi/6.3.0/thumb/crtend.o
LOAD c:/devkitpro/devkitarm/bin/../lib/gcc/arm-none-eabi/6.3.0/thumb/crtn.o
OUTPUT(d:/gba/obj1302/obj1302.elf elf32-littlearm)

.debug_ranges   0x00000000       0x58
 .debug_ranges  0x00000000       0x10 basicsource.o
 .debug_ranges  0x00000010       0x48 c:/devkitPro/libgba/lib\libgba.a(interrupt.o)
